#-----------------------------------------------------------
# Vivado v2020.1 (64-bit)
# SW Build 2902540 on Wed May 27 19:54:49 MDT 2020
# IP Build 2902112 on Wed May 27 22:43:36 MDT 2020
# Start of session at: Wed Apr  7 18:18:04 2021
# Process ID: 86900
# Current directory: c:/Projects/Xilinx/DisplayPort/DisplayPort_1_4_ss2_1_rx_example_vivado2020p1/v_dp_rxss1_0_ex
# Command line: vivado.exe -notrace -source c:/Projects/Xilinx/DisplayPort/.Xil/v_dp_rxss1_0/tmp_v_dp_rxss1_0.srcs/sources_1/ip/v_dp_rxss1_0/v_dp_rxss1_0_ex.tcl
# Log file: c:/Projects/Xilinx/DisplayPort/DisplayPort_1_4_ss2_1_rx_example_vivado2020p1/v_dp_rxss1_0_ex/vivado.log
# Journal file: c:/Projects/Xilinx/DisplayPort/DisplayPort_1_4_ss2_1_rx_example_vivado2020p1/v_dp_rxss1_0_ex\vivado.jou
#-----------------------------------------------------------
start_gui
source c:/Projects/Xilinx/DisplayPort/.Xil/v_dp_rxss1_0/tmp_v_dp_rxss1_0.srcs/sources_1/ip/v_dp_rxss1_0/v_dp_rxss1_0_ex.tcl -notrace
update_compile_order -fileset sources_1
regenerate_bd_layout
startgroup
set_property -dict [list CONFIG.CLKOUT2_REQUESTED_OUT_FREQ {300} CONFIG.MMCM_CLKFBOUT_MULT_F {4.000} CONFIG.MMCM_CLKOUT0_DIVIDE_F {30.000} CONFIG.MMCM_CLKOUT1_DIVIDE {4} CONFIG.CLKOUT1_JITTER {121.731} CONFIG.CLKOUT1_PHASE_ERROR {77.836} CONFIG.CLKOUT2_JITTER {81.814} CONFIG.CLKOUT2_PHASE_ERROR {77.836}] [get_bd_cells clk_wiz_0]
endgroup
create_bd_intf_pin -mode Monitor -vlnv xilinx.com:interface:axis_rtl:1.0 dp_rx_hier_0/m_axis_video_stream1
set_property location {1745 419} [get_bd_intf_pins dp_rx_hier_0/m_axis_video_stream1]
connect_bd_intf_net [get_bd_intf_pins dp_rx_hier_0/m_axis_video_stream1] [get_bd_intf_pins dp_rx_hier_0/video_frame_crc_0/Vid_In_AXIS]
save_bd_design
delete_bd_objs [get_bd_intf_nets dp_rx_hier_0_Vid_Out_AXIS]
connect_bd_intf_net -boundary_type upper [get_bd_intf_pins dp_rx_hier_0/m_axis_video_stream1] [get_bd_intf_pins system_ila_2/SLOT_0_AXIS]
regenerate_bd_layout
save_bd_design
launch_runs impl_1 -to_step write_bitstream -jobs 8
